// Jest Snapshot v1, https://goo.gl/fbAQLP

exports[`Filter 1`] = `
.c1 {
  font-family: 'PT Sans',sans-serif;
  font-style: regular;
  font-weight: 700;
}

.c5 {
  font-family: 'PT Sans',sans-serif;
  font-style: regular;
  font-weight: 400;
}

.c8 {
  background-color: #F7B628;
  border: none;
  border-radius: 8px;
  color: black;
  outline: none;
  padding: 10px 28px;
  -webkit-transition: background-color 0.1s ease-in-out;
  transition: background-color 0.1s ease-in-out;
}

.c6 {
  border: 1px black solid;
  border-radius: 4px;
  font-family: 'PT Sans',sans-serif;
  margin-top: 4px;
  padding: 4px;
  width: 80px;
}

.c7 {
  margin: 0 8px;
}

.c4 {
  border: 1px black solid;
  border-radius: 4px;
  font-family: 'PT Sans',sans-serif;
  margin-top: 4px;
  padding: 4px;
}

.c0 {
  background-color: white;
  border-radius: 16px;
  display: -webkit-box;
  display: -webkit-flex;
  display: -ms-flexbox;
  display: flex;
  -webkit-flex-direction: column;
  -ms-flex-direction: column;
  flex-direction: column;
  -webkit-box-pack: center;
  -webkit-justify-content: center;
  -ms-flex-pack: center;
  justify-content: center;
  padding: 16px 16px;
}

.c2 {
  font-size: 24px;
}

.c3 {
  width: 100%;
}

@media (hover:hover) {
  .c8:hover {
    background-color: #cb9712;
    cursor: pointer;
  }
}

@media (max-width:1223px) {
  .c8 {
    padding: 10px 14px;
  }
}

<div
  class="c0"
  data-testid="filterbar"
>
  <p
    class="c1 c2"
  >
    Filter
  </p>
  <hr
    class="c3"
  />
  <p
    class="c1"
  >
    Marke
  </p>
  <select
    class="c4"
    data-testid="select"
    name="make"
  >
    <option
      value=""
    >
      Marke auswählen
    </option>
    <option
      value="ALPINA"
    >
      ALPINA
    </option>
    <option
      value="Abarth"
    >
      Abarth
    </option>
    <option
      value="Alfa Romeo"
    >
      Alfa Romeo
    </option>
    <option
      value="Aston Martin"
    >
      Aston Martin
    </option>
    <option
      value="Audi"
    >
      Audi
    </option>
    <option
      value="BMW"
    >
      BMW
    </option>
    <option
      value="Bentley"
    >
      Bentley
    </option>
    <option
      value="Bugatti"
    >
      Bugatti
    </option>
    <option
      value="Cadillac"
    >
      Cadillac
    </option>
    <option
      value="Chrysler"
    >
      Chrysler
    </option>
    <option
      value="Citroën"
    >
      Citroën
    </option>
    <option
      value="Corvette"
    >
      Corvette
    </option>
    <option
      value="Cupra"
    >
      Cupra
    </option>
    <option
      value="Dacia"
    >
      Dacia
    </option>
    <option
      value="Dodge"
    >
      Dodge
    </option>
    <option
      value="Ferrari"
    >
      Ferrari
    </option>
    <option
      value="Fiat"
    >
      Fiat
    </option>
    <option
      value="Ford"
    >
      Ford
    </option>
    <option
      value="Honda"
    >
      Honda
    </option>
    <option
      value="Hummer"
    >
      Hummer
    </option>
    <option
      value="Hyundai"
    >
      Hyundai
    </option>
    <option
      value="Infiniti"
    >
      Infiniti
    </option>
    <option
      value="Jaguar"
    >
      Jaguar
    </option>
    <option
      value="Jeep"
    >
      Jeep
    </option>
    <option
      value="Kia"
    >
      Kia
    </option>
    <option
      value="Lada"
    >
      Lada
    </option>
    <option
      value="Lamborghini"
    >
      Lamborghini
    </option>
    <option
      value="Lancia"
    >
      Lancia
    </option>
    <option
      value="Land Rover"
    >
      Land Rover
    </option>
    <option
      value="Lexus"
    >
      Lexus
    </option>
    <option
      value="Lotus"
    >
      Lotus
    </option>
    <option
      value="MINI"
    >
      MINI
    </option>
    <option
      value="Maserati"
    >
      Maserati
    </option>
    <option
      value="Mazda"
    >
      Mazda
    </option>
    <option
      value="McLaren"
    >
      McLaren
    </option>
    <option
      value="Mercedes-Benz"
    >
      Mercedes-Benz
    </option>
    <option
      value="Mitsubishi"
    >
      Mitsubishi
    </option>
    <option
      value="Nissan"
    >
      Nissan
    </option>
    <option
      value="Opel"
    >
      Opel
    </option>
    <option
      value="Peugeot"
    >
      Peugeot
    </option>
    <option
      value="Porsche"
    >
      Porsche
    </option>
    <option
      value="Renault"
    >
      Renault
    </option>
    <option
      value="Rolls-Royce"
    >
      Rolls-Royce
    </option>
    <option
      value="Seat"
    >
      Seat
    </option>
    <option
      value="Skoda"
    >
      Skoda
    </option>
    <option
      value="Smart"
    >
      Smart
    </option>
    <option
      value="Ssangyong"
    >
      Ssangyong
    </option>
    <option
      value="Subaru"
    >
      Subaru
    </option>
    <option
      value="Suzuki"
    >
      Suzuki
    </option>
    <option
      value="Tesla"
    >
      Tesla
    </option>
    <option
      value="Toyota"
    >
      Toyota
    </option>
    <option
      value="Volkswagen"
    >
      Volkswagen
    </option>
    <option
      value="Volvo"
    >
      Volvo
    </option>
  </select>
  <hr
    class="c3"
  />
  <p
    class="c1"
  >
    Kategorie
  </p>
  <select
    class="c4"
    data-testid="select"
    name="category"
  >
    <option
      value=""
    >
      Kategorie auswählen
    </option>
    <option
      value="Cabrio"
    >
      Cabrio
    </option>
    <option
      value="EstateCar"
    >
      EstateCar
    </option>
    <option
      value="Limousine"
    >
      Limousine
    </option>
    <option
      value="OffRoad"
    >
      OffRoad
    </option>
    <option
      value="SmallCar"
    >
      SmallCar
    </option>
    <option
      value="SportsCar"
    >
      SportsCar
    </option>
    <option
      value="Transporter"
    >
      Transporter
    </option>
    <option
      value="Van"
    >
      Van
    </option>
    <option
      value="OtherCar"
    >
      OtherCar
    </option>
  </select>
  <hr
    class="c3"
  />
  <p
    class="c1"
  >
    Schaltung
  </p>
  <select
    class="c4"
    data-testid="select"
    name="category"
  >
    <option
      value=""
    >
      Schaltung auswählen
    </option>
    <option
      value="AUTOMATIC_GEAR"
    >
      AUTOMATIC_GEAR
    </option>
    <option
      value="MANUAL_GEAR"
    >
      MANUAL_GEAR
    </option>
    <option
      value="SEMIAUTOMATIC_GEAR"
    >
      SEMIAUTOMATIC_GEAR
    </option>
  </select>
  <hr
    class="c3"
  />
  <p
    class="c1"
  >
    Farbe
  </p>
  <select
    class="c4"
    data-testid="select"
    name="exteriorColor"
  >
    <option
      value=""
    >
      Farbe auswählen
    </option>
    <option
      value="BEIGE"
    >
      BEIGE
    </option>
    <option
      value="BLACK"
    >
      BLACK
    </option>
    <option
      value="BLUE"
    >
      BLUE
    </option>
    <option
      value="BROWN"
    >
      BROWN
    </option>
    <option
      value="GOLD"
    >
      GOLD
    </option>
    <option
      value="GREEN"
    >
      GREEN
    </option>
    <option
      value="GREY"
    >
      GREY
    </option>
    <option
      value="ORANGE"
    >
      ORANGE
    </option>
    <option
      value="PURPLE"
    >
      PURPLE
    </option>
    <option
      value="RED"
    >
      RED
    </option>
    <option
      value="SILVER"
    >
      SILVER
    </option>
    <option
      value="WHITE"
    >
      WHITE
    </option>
    <option
      value="YELLOW"
    >
      YELLOW
    </option>
  </select>
  <hr
    class="c3"
  />
  <p
    class="c1"
  >
    Kraftstoff
  </p>
  <select
    class="c4"
    data-testid="select"
    name="fuel"
  >
    <option
      value=""
    >
      Kraftstoff auswählen
    </option>
    <option
      value="CNG"
    >
      CNG
    </option>
    <option
      value="DIESEL"
    >
      DIESEL
    </option>
    <option
      value="ELECTRICITY"
    >
      ELECTRICITY
    </option>
    <option
      value="ETHANOL"
    >
      ETHANOL
    </option>
    <option
      value="GAS"
    >
      GAS
    </option>
    <option
      value="HYBRID"
    >
      HYBRID
    </option>
    <option
      value="HYBRID_DIESEL"
    >
      HYBRID_DIESEL
    </option>
    <option
      value="HYDROGENIUM"
    >
      HYDROGENIUM
    </option>
    <option
      value="LPG"
    >
      LPG
    </option>
    <option
      value="PETROL"
    >
      PETROL
    </option>
    <option
      value="OTHER"
    >
      OTHER
    </option>
  </select>
  <hr
    class="c3"
  />
  <div
    data-testid="range-select"
  >
    <p
      class="c5"
    >
      km Stand
    </p>
    <input
      class="c6"
      placeholder="von"
      type="text"
      value=""
    />
    <span
      class="c7"
    >
      -
    </span>
    <input
      class="c6"
      placeholder="bis"
      type="text"
      value=""
    />
  </div>
  <hr
    class="c3"
  />
  <div
    data-testid="range-select"
  >
    <p
      class="c5"
    >
      Leistung
    </p>
    <input
      class="c6"
      placeholder="von"
      type="text"
      value=""
    />
    <span
      class="c7"
    >
      -
    </span>
    <input
      class="c6"
      placeholder="bis"
      type="text"
      value=""
    />
  </div>
  <hr
    class="c3"
  />
  <div
    data-testid="range-select"
  >
    <p
      class="c5"
    >
      Preis
    </p>
    <input
      class="c6"
      placeholder="von"
      type="text"
      value=""
    />
    <span
      class="c7"
    >
      -
    </span>
    <input
      class="c6"
      placeholder="bis"
      type="text"
      value=""
    />
  </div>
  <hr
    class="c3"
  />
  <button
    class="c8"
    data-testid="button"
    type="submit"
  >
    <p
      class="c5"
    >
      Filter anwenden
    </p>
  </button>
</div>
`;

exports[`Filter 2`] = `
"Snapshot Diff:
- First value
+ Second value

@@ -296,10 +296,74 @@
        class=\\"sc-iCoGMd bUWOXY\\"
      />
      <p
        class=\\"sc-bdnxRM unsaO\\"
      >
+       Modell
+     </p>
+     <select
+       class=\\"sc-eCApnc fNDMcy\\"
+       data-testid=\\"select\\"
+       name=\\"model\\"
+     >
+       <option
+         value=\\"\\"
+       >
+         Modell auswählen
+       </option>
+       <option
+         value=\\"B3\\"
+       >
+         B3
+       </option>
+       <option
+         value=\\"B4\\"
+       >
+         B4
+       </option>
+       <option
+         value=\\"B6\\"
+       >
+         B6
+       </option>
+       <option
+         value=\\"B7\\"
+       >
+         B7
+       </option>
+       <option
+         value=\\"D3\\"
+       >
+         D3
+       </option>
+       <option
+         value=\\"D4\\"
+       >
+         D4
+       </option>
+       <option
+         value=\\"D5\\"
+       >
+         D5
+       </option>
+       <option
+         value=\\"Roadster S\\"
+       >
+         Roadster S
+       </option>
+       <option
+         value=\\"XD3\\"
+       >
+         XD3
+       </option>
+     </select>
+     <hr
+       class=\\"sc-iCoGMd bUWOXY\\"
+     />
+     <p
+       class=\\"sc-bdnxRM unsaO\\"
+     >
        Kategorie
      </p>
      <select
        class=\\"sc-eCApnc fNDMcy\\"
        data-testid=\\"select\\""
`;
