// Jest Snapshot v1, https://goo.gl/fbAQLP

exports[`Anchor 1`] = `
.c0 {
  border-bottom: transparent 0.125em solid;
  font-family: 'PT Sans',sans-serif;
  font-weight: 400;
  padding: 2px;
  -webkit-transition: border-bottom 200ms ease;
  transition: border-bottom 200ms ease;
}

@media (hover:hover) {
  .c0:hover {
    border-bottom: #F7B628 2px solid;
  }
}

<a
  class="c0"
  href="/test"
>
  Anchor
</a>
`;
