// Jest Snapshot v1, https://goo.gl/fbAQLP

exports[`Select 1`] = `
.c0 {
  border: 1px black solid;
  border-radius: 4px;
  font-family: 'PT Sans',sans-serif;
  margin-top: 4px;
  padding: 4px;
}

<select
  class="c0"
  data-testid="select"
  name="test"
>
  <option
    value="a"
  >
    a
  </option>
  <option
    value="b"
  >
    b
  </option>
</select>
`;

exports[`Select 2`] = `
"Snapshot Diff:
- First value
+ Second value

@@ -8,16 +8,11 @@
      class=\\"sc-gtsrHT eubtgm\\"
      data-testid=\\"select\\"
      name=\\"test\\"
    >
      <option
-       value=\\"a\\"
-     >
-       a
-     </option>
-     <option
-       value=\\"b\\"
+       value=\\"\\"
      >
-       b
+       Test auswählen
      </option>
    </select>
  </DocumentFragment>"
`;
