// Jest Snapshot v1, https://goo.gl/fbAQLP

exports[`ImageBadge 1`] = `
.c1 {
  font-family: 'PT Sans',sans-serif;
  font-style: regular;
  font-weight: 400;
}

.c0 {
  background-color: #0B4256;
  border-bottom-left-radius: 4px;
  border-top-left-radius: 4px;
  color: white;
  display: inline-block;
  padding: 8px 32px 8px 8px;
}

<div
  class="c0"
  data-testid="imagebadge"
>
  <p
    class="c1"
  >
    ImageBadge
  </p>
</div>
`;
