// Jest Snapshot v1, https://goo.gl/fbAQLP

exports[`FilterBuilder 1`] = `
Object {
  "generatedFilters": Object {},
  "queryParams": Object {},
}
`;

exports[`FilterBuilder 2`] = `
Object {
  "generatedFilters": Object {
    "category": "AUTOMATIC_GEAR",
    "exteriorColor": "BLACK",
    "fuel": "ELECTRICITY",
    "gearbox": "AUTOMATIC",
    "make-model": "Opel:Adam",
    "mileage": "[\\"5\\", \\"10\\"]",
    "power": "[\\"5\\", \\"10\\"]",
    "price": "[\\"5\\", \\"10\\"]",
  },
  "queryParams": Object {
    "category": "AUTOMATIC_GEAR",
    "exteriorColor": "BLACK",
    "fuel": "ELECTRICITY",
    "gearbox": "AUTOMATIC",
    "make": "Opel",
    "mileAgeFrom": "5",
    "mileAgeTo": "10",
    "model": "Adam",
    "powerFrom": "5",
    "powerTo": "10",
    "priceFrom": "5",
    "priceTo": "10",
  },
}
`;
